{
    "exemplar - tif - 2 channels - nuclear - membrane - ASHLAR setup": {
        "content": [
            {
                "0": [
                    [
                        {
                            "id": "test"
                        },
                        "test_stack.tif:md5,a30d0f098ed8ccfa63cdaa95d89f2560"
                    ]
                ],
                "1": [
                    [
                        {
                            "id": "test"
                        },
                        "test_nuclear.tif:md5,877227524ae1a7ed00f1dfe10d94d861"
                    ]
                ],
                "2": [
                    [
                        {
                            "id": "test"
                        },
                        "test_membrane.tif:md5,3d6db182f77edf61e90df034b456cb2b"
                    ]
                ],
                "3": [
                    "versions.yml:md5,7a394d888025b1e38544241e1df21069"
                ],
                "extracted_channels": [
                    [
                        {
                            "id": "test"
                        },
                        "test_stack.tif:md5,a30d0f098ed8ccfa63cdaa95d89f2560"
                    ]
                ],
                "membrane_single_channel": [
                    [
                        {
                            "id": "test"
                        },
                        "test_membrane.tif:md5,3d6db182f77edf61e90df034b456cb2b"
                    ]
                ],
                "nuclear_single_channel": [
                    [
                        {
                            "id": "test"
                        },
                        "test_nuclear.tif:md5,877227524ae1a7ed00f1dfe10d94d861"
                    ]
                ],
                "versions": [
                    "versions.yml:md5,7a394d888025b1e38544241e1df21069"
                ]
            }
        ],
        "meta": {
            "nf-test": "0.9.2",
            "nextflow": "24.10.5"
        },
        "timestamp": "2025-04-16T10:11:56.047540124"
    },
    "exemplar - tif - stub": {
        "content": [
            {
                "0": [
                    [
                        {
                            "id": "test"
                        },
                        "test_stack.tif:md5,d41d8cd98f00b204e9800998ecf8427e"
                    ]
                ],
                "1": [
                    [
                        {
                            "id": "test"
                        },
                        "test_nuclear.tif:md5,d41d8cd98f00b204e9800998ecf8427e"
                    ]
                ],
                "2": [
                    [
                        {
                            "id": "test"
                        },
                        "test_membrane.tif:md5,d41d8cd98f00b204e9800998ecf8427e"
                    ]
                ],
                "3": [
                    "versions.yml:md5,dbd77571d8e21146df95814f31385544"
                ],
                "extracted_channels": [
                    [
                        {
                            "id": "test"
                        },
                        "test_stack.tif:md5,d41d8cd98f00b204e9800998ecf8427e"
                    ]
                ],
                "membrane_single_channel": [
                    [
                        {
                            "id": "test"
                        },
                        "test_membrane.tif:md5,d41d8cd98f00b204e9800998ecf8427e"
                    ]
                ],
                "nuclear_single_channel": [
                    [
                        {
                            "id": "test"
                        },
                        "test_nuclear.tif:md5,d41d8cd98f00b204e9800998ecf8427e"
                    ]
                ],
                "versions": [
                    "versions.yml:md5,dbd77571d8e21146df95814f31385544"
                ]
            }
        ],
        "meta": {
            "nf-test": "0.9.2",
            "nextflow": "24.10.5"
        },
        "timestamp": "2025-04-16T10:01:10.331165522"
    },
    "exemplar - tif - 2 channels - nuclear - membrane max projection - ASHLAR setup": {
        "content": [
            {
                "0": [
                    [
                        {
                            "id": "test"
                        },
                        "test_stack.tif:md5,836a9ba805726303fcc3903e80bef02a"
                    ]
                ],
                "1": [
                    [
                        {
                            "id": "test"
                        },
                        "test_nuclear.tif:md5,877227524ae1a7ed00f1dfe10d94d861"
                    ]
                ],
                "2": [
                    [
                        {
                            "id": "test"
                        },
                        "test_membrane.tif:md5,fef86dd4a825545175bbc4e171666bcb"
                    ]
                ],
                "3": [
                    "versions.yml:md5,7a394d888025b1e38544241e1df21069"
                ],
                "extracted_channels": [
                    [
                        {
                            "id": "test"
                        },
                        "test_stack.tif:md5,836a9ba805726303fcc3903e80bef02a"
                    ]
                ],
                "membrane_single_channel": [
                    [
                        {
                            "id": "test"
                        },
                        "test_membrane.tif:md5,fef86dd4a825545175bbc4e171666bcb"
                    ]
                ],
                "nuclear_single_channel": [
                    [
                        {
                            "id": "test"
                        },
                        "test_nuclear.tif:md5,877227524ae1a7ed00f1dfe10d94d861"
                    ]
                ],
                "versions": [
                    "versions.yml:md5,7a394d888025b1e38544241e1df21069"
                ]
            }
        ],
        "meta": {
            "nf-test": "0.9.2",
            "nextflow": "24.10.5"
        },
        "timestamp": "2025-04-14T09:06:09.306009067"
    },
    "exemplar - tif - 2 channels - ASHLAR setup": {
        "content": [
            {
                "0": [
                    [
                        {
                            "id": "test"
                        },
                        "test_stack.tif:md5,a30d0f098ed8ccfa63cdaa95d89f2560"
                    ]
                ],
                "1": [
                    
                ],
                "2": [
                    
                ],
                "3": [
                    "versions.yml:md5,7a394d888025b1e38544241e1df21069"
                ],
                "extracted_channels": [
                    [
                        {
                            "id": "test"
                        },
                        "test_stack.tif:md5,a30d0f098ed8ccfa63cdaa95d89f2560"
                    ]
                ],
                "membrane_single_channel": [
                    
                ],
                "nuclear_single_channel": [
                    
                ],
                "versions": [
                    "versions.yml:md5,7a394d888025b1e38544241e1df21069"
                ]
            }
        ],
        "meta": {
            "nf-test": "0.9.2",
            "nextflow": "24.10.5"
        },
        "timestamp": "2025-04-16T10:11:35.90841844"
    },
    "exemplar - tif - 1 channel - ASHLAR setup": {
        "content": [
            {
                "0": [
                    [
                        {
                            "id": "test"
                        },
                        "test_stack.tif:md5,cf1636501b5acd999a501e5e38f1abb0"
                    ]
                ],
                "1": [
                    
                ],
                "2": [
                    
                ],
                "3": [
                    "versions.yml:md5,7a394d888025b1e38544241e1df21069"
                ],
                "extracted_channels": [
                    [
                        {
                            "id": "test"
                        },
                        "test_stack.tif:md5,cf1636501b5acd999a501e5e38f1abb0"
                    ]
                ],
                "membrane_single_channel": [
                    
                ],
                "nuclear_single_channel": [
                    
                ],
                "versions": [
                    "versions.yml:md5,7a394d888025b1e38544241e1df21069"
                ]
            }
        ],
        "meta": {
            "nf-test": "0.9.2",
            "nextflow": "24.10.5"
        },
        "timestamp": "2025-04-16T10:00:04.722554806"
    }
}